#-----------------------------------------------------------
# Vivado v2024.1 (64-bit)
# SW Build 5076996 on Wed May 22 18:37:14 MDT 2024
# IP Build 5075265 on Wed May 22 21:45:21 MDT 2024
# SharedData Build 5076995 on Wed May 22 18:29:18 MDT 2024
# Start of session at: Wed Oct 16 17:02:54 2024
# Process ID: 10168
# Current directory: C:/Users/Luis/Pictures/Arquitectura-de-computadoras/Camino1Y2UnionMaqEstadosrRegALU
# Command line: vivado.exe -gui_launcher_event rodinguilauncherevent8328 C:\Users\Luis\Pictures\Arquitectura-de-computadoras\Camino1Y2UnionMaqEstadosrRegALU\Camino1Y2UnionMaqEstadosrRegALU.xpr
# Log file: C:/Users/Luis/Pictures/Arquitectura-de-computadoras/Camino1Y2UnionMaqEstadosrRegALU/vivado.log
# Journal file: C:/Users/Luis/Pictures/Arquitectura-de-computadoras/Camino1Y2UnionMaqEstadosrRegALU\vivado.jou
# Running On        :DESKTOP-L2EFQ98
# Platform          :Windows Server 2016 or Windows 10
# Operating System  :22631
# Processor Detail  :11th Gen Intel(R) Core(TM) i7-1165G7 @ 2.80GHz
# CPU Frequency     :2803 MHz
# CPU Physical cores:4
# CPU Logical cores :8
# Host memory       :16867 MB
# Swap memory       :2550 MB
# Total Virtual     :19417 MB
# Available Virtual :7124 MB
#-----------------------------------------------------------
start_gui
open_project C:/Users/Luis/Pictures/Arquitectura-de-computadoras/Camino1Y2UnionMaqEstadosrRegALU/Camino1Y2UnionMaqEstadosrRegALU.xpr
update_compile_order -fileset sources_1
launch_simulation
launch_simulation
launch_simulation
launch_simulation
source UnionCaminos1Y2MaqEstados.tcl
add_force {/UnionCaminos1Y2MaqEstados/clk} -radix hex {1 0ns} {0 500000000000ps} -repeat_every 1000000000000ps -cancel_after 50s
add_force {/UnionCaminos1Y2MaqEstados/reset} -radix hex {0 0ns}
run 1 s
run 1 s
run 1 s
run 1 s
close_sim
launch_simulation
source UnionCaminos1Y2MaqEstados.tcl
add_force {/UnionCaminos1Y2MaqEstados/clk} -radix hex {0 0ns} {1 500000000000ps} -repeat_every 1000000000000ps -cancel_after 50s
add_force {/UnionCaminos1Y2MaqEstados/reset} -radix hex {0 0ns}
run 1 s
run 1 s
run 1 s
run 1 s
run 1 s
run 1 s
run 1 s
close_sim
launch_simulation
source UnionCaminos1Y2MaqEstados.tcl
add_force {/UnionCaminos1Y2MaqEstados/clk} -radix hex {0 0ns} {1 500000000000ps} -repeat_every 1000000000000ps -cancel_after 50s
add_force {/UnionCaminos1Y2MaqEstados/reset} -radix hex {0 0ns}
run 0.5 s
run 0.5 s
run 0.5 s
run 0.5 s
run 0.5 s
run 0.5 s
run 0.5 s
run 0.5 s
run 0.5 s
run 0.5 s
run 0.5 s
run 0.5 s
run 0.5 s
run 0.5 s
run 0.5 s
run 0.5 s
run 0.5 s
run 0.5 s
run 0.5 s
run 0.5 s
run 0.5 s
run 0.5 s
run 0.5 s
run 0.5 s
run 0.5 s
run 0.5 s
run 0.5 s
run 0.5 s
run 0.5 s
run 0.5 s
run 0.5 s
run 0.5 s
run 0.5 s
run 0.5 s
run 0.5 s
run 0.5 s
run 0.5 s
run 0.5 s
run 0.5 s
run 0.5 s
run 0.5 s
run 0.5 s
run 0.5 s
run 0.5 s
run 0.5 s
run 0.5 s
run 0.5 s
run 0.5 s
run 0.5 s
run 0.5 s
run 0.5 s
relaunch_sim
add_force {/UnionCaminos1Y2MaqEstados/clk} -radix hex {0 0ns} {1 500000000000ps} -repeat_every 1000000000000ps -cancel_after 50s
add_force {/UnionCaminos1Y2MaqEstados/reset} -radix hex {0 0ns}
run 0.5 s
run 0.5 s
run 0.5 s
run 0.5 s
run 0.5 s
run 0.5 s
run 0.5 s
run 0.5 s
run 0.5 s
run 0.5 s
run 0.5 s
run 0.5 s
run 0.5 s
run 0.5 s
run 0.5 s
run 0.5 s
run 0.5 s
run 0.5 s
run 0.5 s
run 0.5 s
run 0.5 s
run 0.5 s
run 0.5 s
run 0.5 s
run 0.5 s
run 0.5 s
run 0.5 s
run 0.5 s
run 0.5 s
run 0.5 s
run 0.5 s
run 0.5 s
run 0.5 s
run 0.5 s
run 0.5 s
run 0.5 s
run 0.5 s
run 0.5 s
close_sim
launch_simulation
source UnionCaminos1Y2MaqEstados.tcl
add_force {/UnionCaminos1Y2MaqEstados/clk} -radix hex {0 0ns} {1 500000000000ps} -repeat_every 1000000000000ps -cancel_after 50s
add_force {/UnionCaminos1Y2MaqEstados/reset} -radix hex {0 0ns}
run 0.5 s
run 0.5 s
run 0.5 s
run 0.5 s
run 0.5 s
close_sim
launch_simulation
source UnionCaminos1Y2MaqEstados.tcl
add_force {/UnionCaminos1Y2MaqEstados/clk} -radix hex {0 0ns} {1 500000000000ps} -repeat_every 1000000000000ps -cancel_after 10s
add_force {/UnionCaminos1Y2MaqEstados/reset} -radix hex {0 0ns}
run 0.5 s
run 0.5 s
run 0.5 s
run 0.5 s
run 0.5 s
run 0.5 s
run 0.5 s
run 0.5 s
run 0.5 s
run 0.5 s
run 0.5 s
run 0.5 s
run 0.5 s
run 0.5 s
run 0.5 s
run 0.5 s
run 0.5 s
run 0.5 s
run 0.5 s
run 0.5 s
run 0.5 s
run 0.5 s
run 0.5 s
run 0.5 s
run 0.5 s
run 0.5 s
relaunch_sim
add_force {/UnionCaminos1Y2MaqEstados/clk} -radix hex {0 0ns} {1 500000000000ps} -repeat_every 1000000000000ps -cancel_after 50s
add_force {/UnionCaminos1Y2MaqEstados/reset} -radix hex {0 0ns}
run 0.5 s
run 0.5 s
run 0.5 s
run 0.5 s
run 0.5 s
run 0.5 s
run 0.5 s
run 0.5 s
run 0.5 s
run 0.5 s
run 0.5 s
run 0.5 s
run 0.5 s
run 0.5 s
run 0.5 s
run 0.5 s
run 0.5 s
run 0.5 s
run 0.5 s
run 0.5 s
run 0.5 s
run 0.5 s
run 0.5 s
run 0.5 s
run 0.5 s
run 0.5 s
run 0.5 s
run 0.5 s
run 0.5 s
close_sim
